// Jest Snapshot v1, https://goo.gl/fbAQLP

exports[`Checkbox Component Can render 1`] = `
<div
  class="
        checkbox-nm 
        size-medium 
        color-primary 
        undefined
      "
  data-testid="checkbox-wrapper"
>
  <input
    data-testid="checkbox-input"
    id="checkbox"
    type="checkbox"
  />
  <label
    class="right"
    data-testid="checkbox-label"
    for="checkbox"
  >
    <svg />
    Checkbox
  </label>
</div>
`;
