// Jest Snapshot v1, https://goo.gl/fbAQLP

exports[`TextInput Component Can render 1`] = `
<div
  class="
        text-input-nm 
        icon-false
        round-false
        color-primary
        size-medium
         
        undefined
      "
  data-testid="text-input-wrapper"
>
  <label
    class="form-label-nm disabled-false"
    for="id"
  >
    Label
  </label>
  <div
    class="
          text-input-container-nm 
          textarea-false 
          disabled-false 
          
        "
  >
    <input
      autocomplete="off"
      class="
              input-base-nm 
              color-primary 
              size-medium
              
            "
      data-testid="text-input"
      id="id"
      placeholder="Placeholder.."
      type="text"
      value=""
    />
  </div>
</div>
`;
