// Jest Snapshot v1, https://goo.gl/fbAQLP

exports[`Select Component Can render correctly, closed and open 1`] = `
<div
  class="
        select-nm 
        size-medium 
        color-primary 
         
        undefined
      "
  data-testid="select"
>
  <label
    class="form-label-nm disabled-false"
  >
    Country
  </label>
  <button
    aria-disabled="false"
    aria-errormessage="error"
    aria-expanded="false"
    aria-haspopup="listbox"
    aria-invalid="false"
    class="
        select-btn-nm
        input-base-nm
        open-false 
        size-medium 
        color-primary
        includes-tags-false
         
      "
    type="button"
  >
    <div
      class="label-nm"
    >
      <div
        class="placeholder-nm"
      >
        Placeholder
      </div>
    </div>
    <svg
      aria-label="Open / Close"
      class="arrow-icon-nm"
    />
  </button>
  <ul
    aria-label="Country"
    aria-multiselectable="false"
    class="options-nm open-false"
    role="listbox"
    tabindex="-1"
  >
    <li
      aria-disabled="false"
      aria-selected="false"
      class="options-nm__option"
      role="option"
      tabindex="-1"
      value="us"
    >
      <div
        class="options-nm__option-label"
      >
        United States
      </div>
    </li>
    <li
      class="select-nm__group"
    >
      <ul
        aria-label="Scandinavia"
        data-testid="select-group"
        role="listbox"
      >
        <li
          class="select-nm__title"
        >
          Scandinavia
        </li>
        <li
          aria-disabled="false"
          aria-selected="false"
          class="options-nm__option"
          role="option"
          tabindex="-1"
          value="no"
        >
          <div
            class="options-nm__option-label"
          >
            Norway
          </div>
        </li>
        <li
          aria-disabled="false"
          aria-selected="false"
          class="options-nm__option"
          role="option"
          tabindex="-1"
          value="se"
        >
          <div
            class="options-nm__option-label"
          >
            Sweden
          </div>
        </li>
      </ul>
    </li>
  </ul>
</div>
`;

exports[`Select Component Can render correctly, closed and open 2`] = `
<div
  class="
        select-nm 
        size-medium 
        color-primary 
         
        undefined
      "
  data-testid="select"
>
  <label
    class="form-label-nm disabled-false"
  >
    Country
  </label>
  <button
    aria-disabled="false"
    aria-errormessage="error"
    aria-expanded="false"
    aria-haspopup="listbox"
    aria-invalid="false"
    class="
        select-btn-nm
        input-base-nm
        open-false 
        size-medium 
        color-primary
        includes-tags-false
         
      "
    type="button"
  >
    <div
      class="label-nm"
    >
      <div
        class="placeholder-nm"
      >
        Placeholder
      </div>
    </div>
    <svg
      aria-label="Open / Close"
      class="arrow-icon-nm"
    />
  </button>
  <ul
    aria-label="Country"
    aria-multiselectable="false"
    class="options-nm open-false"
    role="listbox"
    tabindex="-1"
  >
    <li
      aria-disabled="false"
      aria-selected="false"
      class="options-nm__option"
      role="option"
      tabindex="-1"
      value="us"
    >
      <div
        class="options-nm__option-label"
      >
        United States
      </div>
    </li>
    <li
      class="select-nm__group"
    >
      <ul
        aria-label="Scandinavia"
        data-testid="select-group"
        role="listbox"
      >
        <li
          class="select-nm__title"
        >
          Scandinavia
        </li>
        <li
          aria-disabled="false"
          aria-selected="false"
          class="options-nm__option"
          role="option"
          tabindex="-1"
          value="no"
        >
          <div
            class="options-nm__option-label"
          >
            Norway
          </div>
        </li>
        <li
          aria-disabled="false"
          aria-selected="false"
          class="options-nm__option"
          role="option"
          tabindex="-1"
          value="se"
        >
          <div
            class="options-nm__option-label"
          >
            Sweden
          </div>
        </li>
      </ul>
    </li>
  </ul>
</div>
`;
