// Jest Snapshot v1, https://goo.gl/fbAQLP

exports[`Radio Component Can render 1`] = `
<div
  class="
        radio-nm 
        disabled-false 
        horizontal-false 
        vertical-false
        undefined
      "
  data-testid="radio-wrapper"
>
  <div
    class="form-label-nm"
  >
    radio
  </div>
  <div
    class="
        radio-nm__button
        color-primary 
        size-medium
      "
    data-testid="radio-button-wrapper"
  >
    <input
      data-testid="radio-button-input-radio-0"
      id="radio-0"
      name="radio"
      type="radio"
      value="radio-one"
    />
    <label
      class="right"
      data-testid="radio-button-label-radio-0"
      for="radio-0"
    >
      One Button
    </label>
  </div>
  <div
    class="
        radio-nm__button
        color-primary 
        size-medium
      "
    data-testid="radio-button-wrapper"
  >
    <input
      data-testid="radio-button-input-radio-1"
      id="radio-1"
      name="radio"
      type="radio"
      value="radio-two"
    />
    <label
      class="right"
      data-testid="radio-button-label-radio-1"
      for="radio-1"
    >
      Second Button
    </label>
  </div>
</div>
`;
